Archive member included because of file (symbol)

d:/program files (x86)/gnu tools arm embedded/4.8 2013q4/bin/../lib/gcc/arm-none-eabi/4.8.3/armv7e-m\libgcc.a(_arm_addsubdf3.o)
                              ..\obj\draw_shapes.o (__aeabi_dadd)
d:/program files (x86)/gnu tools arm embedded/4.8 2013q4/bin/../lib/gcc/arm-none-eabi/4.8.3/armv7e-m\libgcc.a(_arm_muldivdf3.o)
                              ..\obj\delay.o (__aeabi_dmul)
d:/program files (x86)/gnu tools arm embedded/4.8 2013q4/bin/../lib/gcc/arm-none-eabi/4.8.3/armv7e-m\libgcc.a(_arm_cmpdf2.o)
                              ..\obj\draw_shapes.o (__aeabi_dcmple)
d:/program files (x86)/gnu tools arm embedded/4.8 2013q4/bin/../lib/gcc/arm-none-eabi/4.8.3/armv7e-m\libgcc.a(_arm_fixunsdfsi.o)
                              ..\obj\delay.o (__aeabi_d2uiz)
d:/program files (x86)/gnu tools arm embedded/4.8 2013q4/bin/../lib/gcc/arm-none-eabi/4.8.3/../../../../arm-none-eabi/lib/armv7e-m\libg.a(lib_a-memset.o)
                              ..\obj\api.o (memset)
d:/program files (x86)/gnu tools arm embedded/4.8 2013q4/bin/../lib/gcc/arm-none-eabi/4.8.3/../../../../arm-none-eabi/lib/armv7e-m\libg.a(lib_a-strcmp.o)
                              ..\obj\api.o (strcmp)
d:/program files (x86)/gnu tools arm embedded/4.8 2013q4/bin/../lib/gcc/arm-none-eabi/4.8.3/../../../../arm-none-eabi/lib/armv7e-m\libg.a(lib_a-strncpy.o)
                              ..\obj\api.o (strncpy)
d:/program files (x86)/gnu tools arm embedded/4.8 2013q4/bin/../lib/gcc/arm-none-eabi/4.8.3/../../../../arm-none-eabi/lib/armv7e-m\libg.a(lib_a-strtol.o)
                              ..\obj\api.o (strtol)
d:/program files (x86)/gnu tools arm embedded/4.8 2013q4/bin/../lib/gcc/arm-none-eabi/4.8.3/../../../../arm-none-eabi/lib/armv7e-m\libg.a(lib_a-vsnprintf.o)
                              ..\obj\uart.o (vsnprintf)
d:/program files (x86)/gnu tools arm embedded/4.8 2013q4/bin/../lib/gcc/arm-none-eabi/4.8.3/../../../../arm-none-eabi/lib/armv7e-m\libg.a(lib_a-ctype_.o)
                              d:/program files (x86)/gnu tools arm embedded/4.8 2013q4/bin/../lib/gcc/arm-none-eabi/4.8.3/../../../../arm-none-eabi/lib/armv7e-m\libg.a(lib_a-strtol.o) (__ctype_ptr__)
d:/program files (x86)/gnu tools arm embedded/4.8 2013q4/bin/../lib/gcc/arm-none-eabi/4.8.3/../../../../arm-none-eabi/lib/armv7e-m\libg.a(lib_a-impure.o)
                              d:/program files (x86)/gnu tools arm embedded/4.8 2013q4/bin/../lib/gcc/arm-none-eabi/4.8.3/../../../../arm-none-eabi/lib/armv7e-m\libg.a(lib_a-strtol.o) (_impure_ptr)
d:/program files (x86)/gnu tools arm embedded/4.8 2013q4/bin/../lib/gcc/arm-none-eabi/4.8.3/../../../../arm-none-eabi/lib/armv7e-m\libg.a(lib_a-svfprintf.o)
                              d:/program files (x86)/gnu tools arm embedded/4.8 2013q4/bin/../lib/gcc/arm-none-eabi/4.8.3/../../../../arm-none-eabi/lib/armv7e-m\libg.a(lib_a-vsnprintf.o) (_svfprintf_r)
d:/program files (x86)/gnu tools arm embedded/4.8 2013q4/bin/../lib/gcc/arm-none-eabi/4.8.3/../../../../arm-none-eabi/lib/armv7e-m\libg.a(lib_a-dtoa.o)
                              d:/program files (x86)/gnu tools arm embedded/4.8 2013q4/bin/../lib/gcc/arm-none-eabi/4.8.3/../../../../arm-none-eabi/lib/armv7e-m\libg.a(lib_a-svfprintf.o) (_dtoa_r)
d:/program files (x86)/gnu tools arm embedded/4.8 2013q4/bin/../lib/gcc/arm-none-eabi/4.8.3/../../../../arm-none-eabi/lib/armv7e-m\libg.a(lib_a-locale.o)
                              d:/program files (x86)/gnu tools arm embedded/4.8 2013q4/bin/../lib/gcc/arm-none-eabi/4.8.3/../../../../arm-none-eabi/lib/armv7e-m\libg.a(lib_a-svfprintf.o) (_localeconv_r)
d:/program files (x86)/gnu tools arm embedded/4.8 2013q4/bin/../lib/gcc/arm-none-eabi/4.8.3/../../../../arm-none-eabi/lib/armv7e-m\libg.a(lib_a-mallocr.o)
                              d:/program files (x86)/gnu tools arm embedded/4.8 2013q4/bin/../lib/gcc/arm-none-eabi/4.8.3/../../../../arm-none-eabi/lib/armv7e-m\libg.a(lib_a-svfprintf.o) (_malloc_r)
d:/program files (x86)/gnu tools arm embedded/4.8 2013q4/bin/../lib/gcc/arm-none-eabi/4.8.3/../../../../arm-none-eabi/lib/armv7e-m\libg.a(lib_a-memchr-stub.o)
                              d:/program files (x86)/gnu tools arm embedded/4.8 2013q4/bin/../lib/gcc/arm-none-eabi/4.8.3/../../../../arm-none-eabi/lib/armv7e-m\libg.a(lib_a-svfprintf.o) (memchr)
d:/program files (x86)/gnu tools arm embedded/4.8 2013q4/bin/../lib/gcc/arm-none-eabi/4.8.3/../../../../arm-none-eabi/lib/armv7e-m\libg.a(lib_a-memcpy.o)
                              d:/program files (x86)/gnu tools arm embedded/4.8 2013q4/bin/../lib/gcc/arm-none-eabi/4.8.3/../../../../arm-none-eabi/lib/armv7e-m\libg.a(lib_a-dtoa.o) (memcpy)
d:/program files (x86)/gnu tools arm embedded/4.8 2013q4/bin/../lib/gcc/arm-none-eabi/4.8.3/../../../../arm-none-eabi/lib/armv7e-m\libg.a(lib_a-mlock.o)
[...]
Memory Configuration

Name             Origin             Length             Attributes
rom              0x08000000         0x00100000         xr
ram              0x20000000         0x00020000         xrw
ram1             0x10000000         0x00010000         xrw
*default*        0x00000000         0xffffffff

Linker script and memory map

                0x20020000                _eram = 0x20020000

.text           0x08000000    0x1fff8
 *(.isr_vector)
 .isr_vector    0x08000000      0x188 ..\obj\startup_stm32f4xx.o
                0x08000000                g_pfnVectors
 *(.text*)
 .text.DELAY_init
                0x08000188      0x140 ..\obj\delay.o
                0x08000188                DELAY_init
 .text.DELAY_ms
                0x080002c8       0x3c ..\obj\delay.o
                0x080002c8                DELAY_ms
 .text.choose_font
                0x08000304       0x5c ..\obj\write.o
                0x08000304                choose_font
 .text.draw_char
                0x08000360      0x11c ..\obj\write.o
                0x08000360                draw_char
 .text.write_string
                0x0800047c       0x74 ..\obj\write.o
                0x0800047c                write_string
 .text.rechthoek
                0x080004f0       0x54 ..\obj\draw_shapes.o
                0x080004f0                rechthoek
 .text.ellipse  0x08000544      0x240 ..\obj\draw_shapes.o
                0x08000544                ellipse
 .text.line_fast
                0x08000784      0x130 ..\obj\draw_shapes.o
                0x08000784                line_fast
 .text.line_fast2
                0x080008b4      0x16c ..\obj\draw_shapes.o
                0x080008b4                line_fast2
 .text.USART_Init
                0x08000a20      0x174 ..\obj\stm32f4xx_usart.o
                0x08000a20                USART_Init
 .text.USART_Cmd
                0x08000b94       0x40 ..\obj\stm32f4xx_usart.o
                0x08000b94                USART_Cmd
 .text.USART_SendData
                0x08000bd4       0x24 ..\obj\stm32f4xx_usart.o
                0x08000bd4                USART_SendData
 .text.USART_ITConfig
                0x08000bf8       0x90 ..\obj\stm32f4xx_usart.o
                0x08000bf8                USART_ITConfig
 .text.USART_GetFlagStatus
                0x08000c88       0x38 ..\obj\stm32f4xx_usart.o
                0x08000c88                USART_GetFlagStatus
 .text.USART_GetITStatus
                0x08000cc0       0xb0 ..\obj\stm32f4xx_usart.o
                0x08000cc0                USART_GetITStatus
 .text.USART_ClearITPendingBit
                0x08000d70       0x38 ..\obj\stm32f4xx_usart.o
                0x08000d70                USART_ClearITPendingBit
 .text.UART_init
                0x08000da8       0x94 ..\obj\uart.o
                0x08000da8                UART_init
 .text.UART_putchar
                0x08000e3c       0x30 ..\obj\uart.o
                0x08000e3c                UART_putchar
 .text.UART_puts
                0x08000e6c       0x34 ..\obj\uart.o
                0x08000e6c                UART_puts
 .text.USART2_IRQHandler
                0x08000ea0       0xb0 ..\obj\uart.o
                0x08000ea0                USART2_IRQHandler
 .text.UART_get
                0x08000f50       0x30 ..\obj\uart.o
                0x08000f50                UART_get
 .text.UART_gets
                0x08000f80       0x58 ..\obj\uart.o
                0x08000f80                UART_gets
 .text.Default_Reset_Handler
                0x08000fd8       0x5c ..\obj\startup_stm32f4xx.o
                0x08000fd8                Default_Reset_Handler
                0x08000fd8                Reset_Handler
 .text.Default_Handler
                0x08001034        0x8 ..\obj\startup_stm32f4xx.o
                0x08001034                RTC_Alarm_IRQHandler
                0x08001034                HASH_RNG_IRQHandler
                0x08001034                EXTI2_IRQHandler
                0x08001034                TIM8_CC_IRQHandler
                0x08001034                DebugMon_Handler
                0x08001034                TIM1_CC_IRQHandler
                0x08001034                HardFault_Handler
                0x08001034                DMA1_Stream5_IRQHandler
                0x08001034                SysTick_Handler
                0x08001034                PVD_IRQHandler
                0x08001034                SDIO_IRQHandler
                0x08001034                TAMP_STAMP_IRQHandler
                0x08001034                PendSV_Handler
                0x08001034                NMI_Handler
                0x08001034                CAN2_RX1_IRQHandler
                0x08001034                EXTI3_IRQHandler
                0x08001034                TIM8_TRG_COM_TIM14_IRQHandler
                0x08001034                TIM1_UP_TIM10_IRQHandler
                0x08001034                TIM8_UP_TIM13_IRQHandler
                0x08001034                I2C3_ER_IRQHandler
                0x08001034                EXTI0_IRQHandler
                0x08001034                I2C2_EV_IRQHandler
                0x08001034                DMA1_Stream2_IRQHandler
                0x08001034                CAN1_RX0_IRQHandler
                0x08001034                FPU_IRQHandler
                0x08001034                OTG_HS_WKUP_IRQHandler
                0x08001034                UsageFault_Handler
                0x08001034                CAN2_SCE_IRQHandler
                0x08001034                DMA2_Stream2_IRQHandler
                0x08001034                SPI1_IRQHandler
                0x08001034                TIM6_DAC_IRQHandler
                0x08001034                TIM1_BRK_TIM9_IRQHandler
                0x08001034                DCMI_IRQHandler
                0x08001034                CAN2_RX0_IRQHandler
                0x08001034                DMA2_Stream3_IRQHandler
                0x08001034                USART6_IRQHandler
                0x08001034                USART3_IRQHandler
                0x08001034                CRYP_IRQHandler
                0x08001034                CAN1_RX1_IRQHandler
                0x08001034                UART5_IRQHandler
                0x08001034                DMA2_Stream0_IRQHandler
                0x08001034                TIM4_IRQHandler
                0x08001034                I2C1_EV_IRQHandler
                0x08001034                DMA1_Stream6_IRQHandler
                0x08001034                DMA1_Stream1_IRQHandler
                0x08001034                UART4_IRQHandler
                0x08001034                TIM3_IRQHandler
                0x08001034                RCC_IRQHandler
                0x08001034                TIM8_BRK_TIM12_IRQHandler
                0x08001034                EXTI15_10_IRQHandler
                0x08001034                ADC_IRQHandler
                0x08001034                DMA1_Stream7_IRQHandler
                0x08001034                TIM7_IRQHandler
                0x08001034                CAN2_TX_IRQHandler
                0x08001034                TIM5_IRQHandler
                0x08001034                DMA2_Stream7_IRQHandler
                0x08001034                I2C3_EV_IRQHandler
                0x08001034                EXTI9_5_IRQHandler
                0x08001034                RTC_WKUP_IRQHandler
                0x08001034                ETH_WKUP_IRQHandler
                0x08001034                SPI2_IRQHandler
                0x08001034                OTG_HS_EP1_IN_IRQHandler
                0x08001034                MemManage_Handler
                0x08001034                DMA1_Stream0_IRQHandler
                0x08001034                CAN1_TX_IRQHandler
                0x08001034                SVC_Handler
                0x08001034                EXTI4_IRQHandler
                0x08001034                FSMC_IRQHandler
                0x08001034                ETH_IRQHandler
                0x08001034                OTG_HS_EP1_OUT_IRQHandler
                0x08001034                WWDG_IRQHandler
                0x08001034                OTG_FS_WKUP_IRQHandler
                0x08001034                TIM1_TRG_COM_TIM11_IRQHandler
                0x08001034                OTG_HS_IRQHandler
                0x08001034                EXTI1_IRQHandler
                0x08001034                I2C2_ER_IRQHandler
                0x08001034                DMA2_Stream1_IRQHandler
                0x08001034                CAN1_SCE_IRQHandler
                0x08001034                FLASH_IRQHandler
                0x08001034                DMA2_Stream4_IRQHandler
                0x08001034                BusFault_Handler
                0x08001034                USART1_IRQHandler
                0x08001034                OTG_FS_IRQHandler
                0x08001034                SPI3_IRQHandler
                0x08001034                DMA1_Stream4_IRQHandler
                0x08001034                I2C1_ER_IRQHandler
                0x08001034                DMA2_Stream6_IRQHandler
                0x08001034                DMA1_Stream3_IRQHandler
 .text.main     0x0800103c       0x2c ..\obj\main.o
                0x0800103c                main
 .text.RCC_GetClocksFreq
                0x08001068      0x154 ..\obj\stm32f4xx_rcc.o
                0x08001068                RCC_GetClocksFreq
 .text.RCC_AHB1PeriphClockCmd
                0x080011bc       0x3c ..\obj\stm32f4xx_rcc.o
                0x080011bc                RCC_AHB1PeriphClockCmd
 .text.RCC_APB1PeriphClockCmd
                0x080011f8       0x3c ..\obj\stm32f4xx_rcc.o
                0x080011f8                RCC_APB1PeriphClockCmd
 .text.RCC_APB2PeriphClockCmd
                0x08001234       0x3c ..\obj\stm32f4xx_rcc.o
                0x08001234                RCC_APB2PeriphClockCmd
 .text.api_commands
                0x08001270      0x49c ..\obj\api.o
                0x08001270                api_commands
 .text.font_decode
                0x0800170c       0x6c ..\obj\api.o
                0x0800170c                font_decode
 .text.color_decode
                0x08001778      0x160 ..\obj\api.o
                0x08001778                color_decode
 .text.GPIO_Init
                0x080018d8      0x11c ..\obj\stm32f4xx_gpio.o
                0x080018d8                GPIO_Init
 .text.GPIO_PinAFConfig
                0x080019f4       0x8c ..\obj\stm32f4xx_gpio.o
                0x080019f4                GPIO_PinAFConfig
 .text.SystemInit
                0x08001a80       0x58 ..\obj\system_stm32f4xx.o
                0x08001a80                SystemInit
 .text.SetSysClock
                0x08001ad8       0xf4 ..\obj\system_stm32f4xx.o
 .text.DMA_DeInit
                0x08001bcc      0x1a4 ..\obj\stm32f4xx_dma.o
                0x08001bcc                DMA_DeInit
 .text.DMA_Init
                0x08001d70       0xac ..\obj\stm32f4xx_dma.o
                0x08001d70                DMA_Init
 .text.DMA_Cmd  0x08001e1c       0x38 ..\obj\stm32f4xx_dma.o
                0x08001e1c                DMA_Cmd
 .text.DMA_ITConfig
                0x08001e54       0x74 ..\obj\stm32f4xx_dma.o
                0x08001e54                DMA_ITConfig
 .text.DMA_GetITStatus
                0x08001ec8       0xb0 ..\obj\stm32f4xx_dma.o
                0x08001ec8                DMA_GetITStatus
 .text.DMA_ClearITPendingBit
                0x08001f78       0x5c ..\obj\stm32f4xx_dma.o
                0x08001f78                DMA_ClearITPendingBit
 .text.triangle
                0x08001fd4       0x4c ..\obj\triangle.o
                0x08001fd4                triangle
 .text.load_bitmap
                0x08002020       0xac ..\obj\bitmap.o
                0x08002020                load_bitmap
 .text.draw_bitmap
                0x080020cc       0x88 ..\obj\bitmap.o
                0x080020cc                draw_bitmap
 .text.UB_VGA_Screen_Init
                0x08002154       0x80 ..\obj\stm32_ub_vga_screen.o
                0x08002154                UB_VGA_Screen_Init
 .text.UB_VGA_FillScreen
                0x080021d4       0x48 ..\obj\stm32_ub_vga_screen.o
                0x080021d4                UB_VGA_FillScreen
 .text.UB_VGA_SetPixel
                0x0800221c       0x4c ..\obj\stm32_ub_vga_screen.o
                0x0800221c                UB_VGA_SetPixel
 .text.P_VGA_InitIO
                0x08002268       0xa8 ..\obj\stm32_ub_vga_screen.o
                0x08002268                P_VGA_InitIO
 .text.P_VGA_InitTIM
                0x08002310       0xc8 ..\obj\stm32_ub_vga_screen.o
                0x08002310                P_VGA_InitTIM
 .text.P_VGA_InitINT
                0x080023d8       0x58 ..\obj\stm32_ub_vga_screen.o
                0x080023d8                P_VGA_InitINT
 .text.P_VGA_InitDMA
                0x08002430       0x90 ..\obj\stm32_ub_vga_screen.o
                0x08002430                P_VGA_InitDMA
 .text.TIM2_IRQHandler
                0x080024c0       0xb8 ..\obj\stm32_ub_vga_screen.o
                0x080024c0                TIM2_IRQHandler
 .text.DMA2_Stream5_IRQHandler
                0x08002578       0x4c ..\obj\stm32_ub_vga_screen.o
                0x08002578                DMA2_Stream5_IRQHandler
 .text.NVIC_Init
                0x080025c4       0xbc ..\obj\misc.o
                0x080025c4                NVIC_Init
 .text.TIM_TimeBaseInit
                0x08002680       0xd4 ..\obj\stm32f4xx_tim.o
                0x08002680                TIM_TimeBaseInit
 .text.TIM_ARRPreloadConfig
                0x08002754       0x40 ..\obj\stm32f4xx_tim.o
                0x08002754                TIM_ARRPreloadConfig
 .text.TIM_Cmd  0x08002794       0x40 ..\obj\stm32f4xx_tim.o
                0x08002794                TIM_Cmd
 .text.TIM_OC3Init
                0x080027d4      0x10c ..\obj\stm32f4xx_tim.o
                0x080027d4                TIM_OC3Init
 .text.TIM_OC4Init
                0x080028e0       0xcc ..\obj\stm32f4xx_tim.o
                0x080028e0                TIM_OC4Init
 .text.TIM_OC3PreloadConfig
                0x080029ac       0x38 ..\obj\stm32f4xx_tim.o
                0x080029ac                TIM_OC3PreloadConfig
 .text.TIM_OC4PreloadConfig
                0x080029e4       0x3c ..\obj\stm32f4xx_tim.o
                0x080029e4                TIM_OC4PreloadConfig
 .text.TIM_ITConfig
                0x08002a20       0x48 ..\obj\stm32f4xx_tim.o
                0x08002a20                TIM_ITConfig
 .text.TIM_ClearITPendingBit
                0x08002a68       0x20 ..\obj\stm32f4xx_tim.o
                0x08002a68                TIM_ClearITPendingBit
 .text.TIM_DMACmd
                0x08002a88       0x48 ..\obj\stm32f4xx_tim.o
                0x08002a88                TIM_DMACmd
 .text          0x08002ad0      0x370 d:/program files (x86)/gnu tools arm embedded/4.8 2013q4/bin/../lib/gcc/arm-none-eabi/4.8.3/armv7e-m\libgcc.a(_arm_addsubdf3.o)
                0x08002ad0                __aeabi_drsub
                0x08002ad8                __aeabi_dsub
                0x08002ad8                __subdf3
                0x08002adc                __aeabi_dadd
                0x08002adc                __adddf3
                0x08002d54                __floatunsidf
                0x08002d54                __aeabi_ui2d
                0x08002d74                __floatsidf
                0x08002d74                __aeabi_i2d
                0x08002d98                __aeabi_f2d
                0x08002d98                __extendsfdf2
                0x08002dd4                __floatundidf
                0x08002dd4                __aeabi_ul2d
                0x08002de4                __floatdidf
                0x08002de4                __aeabi_l2d
 .text          0x08002e40      0x424 d:/program files (x86)/gnu tools arm embedded/4.8 2013q4/bin/../lib/gcc/arm-none-eabi/4.8.3/armv7e-m\libgcc.a(_arm_muldivdf3.o)
                0x08002e40                __aeabi_dmul
                0x08002e40                __muldf3
                0x08003094                __divdf3
                0x08003094                __aeabi_ddiv
 .text          0x08003264       0x40 d:/program files (x86)/gnu tools arm embedded/4.8 2013q4/bin/../lib/gcc/arm-none-eabi/4.8.3/armv7e-m\libgcc.a(_arm_fixunsdfsi.o)
                0x08003264                __aeabi_d2uiz
                0x08003264                __fixunsdfsi
 .text.memset   0x080032a4       0x94 d:/program files (x86)/gnu tools arm embedded/4.8 2013q4/bin/../lib/gcc/arm-none-eabi/4.8.3/../../../../arm-none-eabi/lib/armv7e-m\libg.a(lib_a-memset.o)
                0x080032a4                memset
 .text          0x08003338      0x21c d:/program files (x86)/gnu tools arm embedded/4.8 2013q4/bin/../lib/gcc/arm-none-eabi/4.8.3/../../../../arm-none-eabi/lib/armv7e-m\libg.a(lib_a-strcmp.o)
                0x08003338                strcmp
 .text.strncpy  0x08003554       0x64 d:/program files (x86)/gnu tools arm embedded/4.8 2013q4/bin/../lib/gcc/arm-none-eabi/4.8.3/../../../../arm-none-eabi/lib/armv7e-m\libg.a(lib_a-strncpy.o)
                0x08003554                strncpy
 .text._strtol_r
                0x080035b8      0x114 d:/program files (x86)/gnu tools arm embedded/4.8 2013q4/bin/../lib/gcc/arm-none-eabi/4.8.3/../../../../arm-none-eabi/lib/armv7e-m\libg.a(lib_a-strtol.o)
                0x080035b8                _strtol_r
 .text.strtol   0x080036cc       0x18 d:/program files (x86)/gnu tools arm embedded/4.8 2013q4/bin/../lib/gcc/arm-none-eabi/4.8.3/../../../../arm-none-eabi/lib/armv7e-m\libg.a(lib_a-strtol.o)
                0x080036cc                strtol
 *(.init)
 *(.fini)
 *crtbegin.o(.ctors)
 *crtbegin?.o(.ctors)
 *(EXCLUDE_FILE(*crtend.o *crtend?.o) .ctors)
 *(SORT(.ctors.*))
 *(.ctors)
 *crtbegin.o(.dtors)
 *crtbegin?.o(.dtors)
 *(EXCLUDE_FILE(*crtend.o *crtend?.o) .dtors)
 *(SORT(.dtors.*))
 *(.dtors)
 *(.rodata*)
 .rodata        0x080036e4      0x758 ..\obj\arial_bold_8.o
                0x080036e4                arial_8ptBitmaps
                0x08003b30                arial_8ptDescriptors
                0x08003e28                arial_8ptFontInfo
 .rodata        0x08003e3c    0x166ec ..\obj\images.o
                0x08003e3c                image_hamster
                0x08016a3c                image_arrow_down
                0x08017400                image_arrow_up
                0x08017dc4                image_arrow_left
                0x08018788                image_arrow_right
                0x0801914c                image_angry
                0x08019b10                image_smiley
                0x0801a4d4                hamster
                0x0801a4e0                arrow_up
                0x0801a4ec                arrow_down
                0x0801a4f8                arrow_left
                0x0801a504                arrow_right
                0x0801a510                angry
                0x0801a51c                smiley
 .rodata        0x0801a528      0x6e0 ..\obj\calibri_bold_8.o
                0x0801a528                calibri_8ptBitmaps
                0x0801a8fc                calibri_8ptDescriptors
                0x0801abf4                calibri_8ptFontInfo
 .rodata        0x0801ac08      0x100 ..\obj\api.o
 .rodata        0x0801ad08      0x6c4 ..\obj\calibri_narrow_8.o
                0x0801ad08                calibriLight_8ptBitmaps
                0x0801b0c0                calibriLight_8ptDescriptors
                0x0801b3b8                calibriLight_8ptFontInfo
 .rodata        0x0801b3cc      0xeb4 ..\obj\calibri_bold_16.o
                0x0801b3cc                calibri_16ptBitmaps
                0x0801bf74                calibri_16ptDescriptors
                0x0801c26c                calibri_16ptFontInfo
 .rodata        0x0801c280      0x79c ..\obj\arial_cursive_8.o
                0x0801c280                arialCursive_8ptBitmaps
                0x0801c718                arialCursive_8ptDescriptors
                0x0801ca08                arialCursive_8ptFontInfo
 .rodata        0x0801ca1c     0x1050 ..\obj\arial_narrow_16.o
                0x0801ca1c                arial_16ptBitmaps
                0x0801d768                arial_16ptDescriptors
                0x0801da58                arial_16ptFontInfo
 .rodata        0x0801da6c      0x780 ..\obj\arial_narrow_8.o
                0x0801da6c                arialNarrow_8ptBitmaps
                0x0801dee0                arialNarrow_8ptDescriptors
                0x0801e1d8                arialNarrow_8ptFontInfo
 .rodata        0x0801e1ec      0xc8c ..\obj\calibri_narrow_16.o
                0x0801e1ec                calibriLight_16ptBitmaps
                0x0801eb6c                calibriLight_16ptDescriptors
                0x0801ee64                calibriLight_16ptFontInfo
 .rodata        0x0801ee78     0x1078 ..\obj\arial_bold_16.o
                0x0801ee78                arialBold_16ptBitmaps
                0x0801fbec                arialBold_16ptDescriptors
                0x0801fedc                arialBold_16ptFontInfo
 .rodata._ctype_
                0x0801fef0      0x104 d:/program files (x86)/gnu tools arm embedded/4.8 2013q4/bin/../lib/gcc/arm-none-eabi/4.8.3/../../../../arm-none-eabi/lib/armv7e-m\libg.a(lib_a-ctype_.o)
                0x0801fef0                _ctype_
 .rodata.str1.4
                0x0801fff4        0x4 d:/program files (x86)/gnu tools arm embedded/4.8 2013q4/bin/../lib/gcc/arm-none-eabi/4.8.3/../../../../arm-none-eabi/lib/armv7e-m\libg.a(lib_a-impure.o)
 *(.eh_fram e*)

.glue_7         0x0801fff8        0x0
 .glue_7        0x00000000        0x0 linker stubs

.glue_7t        0x0801fff8        0x0
 .glue_7t       0x00000000        0x0 linker stubs

.vfp11_veneer   0x0801fff8        0x0
 .vfp11_veneer  0x00000000        0x0 linker stubs

.v4_bx          0x0801fff8        0x0
 .v4_bx         0x00000000        0x0 linker stubs

.iplt           0x0801fff8        0x0
 .iplt          0x00000000        0x0 ..\obj\delay.o

.rel.dyn        0x0801fff8        0x0
 .rel.iplt      0x00000000        0x0 ..\obj\delay.o

.ARM.extab
 *(.ARM.extab* .gnu.linkonce.armextab.*)
                0x0801fff8                __exidx_start = .

.ARM.exidx
 *(.ARM.exidx* .gnu.linkonce.armexidx.*)
                0x0801fff8                __exidx_end = .
                0x0801fff8                __etext = .
                0x0801fff8                _sidata = __etext

.data           0x20000000      0x474 load address 0x0801fff8
                0x20000000                __data_start__ = .
                0x20000000                _sdata = __data_start__
 *(vtable)
 *(.data*)
 .data          0x20000000       0x30 ..\obj\write.o
                0x20000000                arial_fonts_ptr
                0x20000018                calibri_fonts_ptr
 .data          0x20000030       0x10 ..\obj\stm32f4xx_rcc.o
 .data.__ctype_ptr__
                0x20000040        0x4 d:/program files (x86)/gnu tools arm embedded/4.8 2013q4/bin/../lib/gcc/arm-none-eabi/4.8.3/../../../../arm-none-eabi/lib/armv7e-m\libg.a(lib_a-ctype_.o)
                0x20000040                __ctype_ptr__
 *fill*         0x20000044        0x4 
 .data.impure_data
                0x20000048      0x428 d:/program files (x86)/gnu tools arm embedded/4.8 2013q4/bin/../lib/gcc/arm-none-eabi/4.8.3/../../../../arm-none-eabi/lib/armv7e-m\libg.a(lib_a-impure.o)
 .data._impure_ptr
                0x20000470        0x4 d:/program files (x86)/gnu tools arm embedded/4.8 2013q4/bin/../lib/gcc/arm-none-eabi/4.8.3/../../../../arm-none-eabi/lib/armv7e-m\libg.a(lib_a-impure.o)
                0x20000470                _impure_ptr
                0x20000474                . = ALIGN (0x4)
                0x20000474                PROVIDE (__preinit_array_start, .)
 *(.preinit_array)
                0x20000474                PROVIDE (__preinit_array_end, .)
                0x20000474                . = ALIGN (0x4)
                0x20000474                PROVIDE (__init_array_start, .)
 *(SORT(.init_array.*))
 *(.init_array)
                0x20000474                PROVIDE (__init_array_end, .)
                0x20000474                . = ALIGN (0x4)
                0x20000474                PROVIDE (__fini_array_start, .)
 *(SORT(.fini_array.*))
 *(.fini_array)
                0x20000474                PROVIDE (__fini_array_end, .)
 *(.jcr*)
                0x20000474                . = ALIGN (0x4)
                0x20000474                __data_end__ = .
                0x20000474                _edata = __data_end__

.igot.plt       0x20000474        0x0 load address 0x0802046c
 .igot.plt      0x00000000        0x0 ..\obj\delay.o

.bss            0x20000474    0x12d78 load address 0x0802046c
                0x20000474                . = ALIGN (0x4)
                0x20000474                __bss_start__ = .
                0x20000474                _sbss = __bss_start__
 *(.bss*)
 .bss           0x20000474        0x4 ..\obj\uart.o
                0x20000474                charcounter
 *(COMMON)
 COMMON         0x20000478       0x10 ..\obj\delay.o
                0x20000478                G_CLK
                0x2000047c                D_S
                0x20000480                D_uS
                0x20000484                D_mS
 COMMON         0x20000488    0x12d00 ..\obj\write.o
                0x20000488                VGA
                0x20000494                VGA_RAM1
                0x20013184                current_font_info
 COMMON         0x20013188       0x64 ..\obj\uart.o
                0x20013188                string
                0x200131ec                . = ALIGN (0x4)
                0x200131ec                __bss_end__ = .
                0x200131ec                _ebss = __bss_end__

.heap           0x200131ec        0x0
                0x200131ec                __end__ = .
                0x200131ec                _end = __end__
                0x200131ec                end = __end__
 *(.heap*)
                0x200131ec                __HeapLimit = .

.co_stack       0x200131ec      0x804 load address 0x080331e4
                0x200131f0                . = ALIGN (0x8)
 *fill*         0x200131ec        0x4 
 *(.co_stack .co_stack.*)
 .co_stack      0x200131f0      0x800 ..\obj\startup_stm32f4xx.o
                0x200131f0                pulStack
                0x20020000                __StackTop = (ORIGIN (ram) + 0x20000)
                0x2001f7fc                __StackLimit = (__StackTop - SIZEOF (.co_stack))
                0x20020000                PROVIDE (__stack, __StackTop)
                0x00000001                ASSERT ((__StackLimit >= __HeapLimit), region ram  overflowed with stack)
LOAD ..\obj\delay.o
LOAD ..\obj\arial_bold_8.o
LOAD ..\obj\write.o
LOAD ..\obj\draw_shapes.o
LOAD ..\obj\stm32f4xx_usart.o
LOAD ..\obj\images.o
LOAD ..\obj\uart.o
LOAD ..\obj\startup_stm32f4xx.o
LOAD ..\obj\calibri_bold_8.o
LOAD ..\obj\main.o
LOAD ..\obj\stm32f4xx_rcc.o
LOAD ..\obj\clear_screen.o
LOAD ..\obj\api.o
LOAD ..\obj\calibri_narrow_8.o
LOAD ..\obj\calibri_bold_16.o
LOAD ..\obj\stm32f4xx_gpio.o
LOAD ..\obj\system_stm32f4xx.o
LOAD ..\obj\stm32f4xx_dma.o
LOAD ..\obj\arial_cursive_8.o
LOAD ..\obj\triangle.o
LOAD ..\obj\bitmap.o
LOAD ..\obj\stm32_ub_vga_screen.o
LOAD ..\obj\arial_narrow_16.o
LOAD ..\obj\arial_narrow_8.o
LOAD ..\obj\misc.o
LOAD ..\obj\calibri_narrow_16.o
LOAD ..\obj\arial_bold_16.o
LOAD ..\obj\stm32f4xx_tim.o
LOAD d:/program files (x86)/gnu tools arm embedded/4.8 2013q4/bin/../lib/gcc/arm-none-eabi/4.8.3/../../../../arm-none-eabi/lib/armv7e-m\libm.a
START GROUP
LOAD d:/program files (x86)/gnu tools arm embedded/4.8 2013q4/bin/../lib/gcc/arm-none-eabi/4.8.3/armv7e-m\libgcc.a
LOAD d:/program files (x86)/gnu tools arm embedded/4.8 2013q4/bin/../lib/gcc/arm-none-eabi/4.8.3/../../../../arm-none-eabi/lib/armv7e-m\libg.a
LOAD d:/program files (x86)/gnu tools arm embedded/4.8 2013q4/bin/../lib/gcc/arm-none-eabi/4.8.3/../../../../arm-none-eabi/lib/armv7e-m\libc.a
END GROUP
OUTPUT(VGA_Core.elf elf32-littlearm)

.debug_info     0x00000000     0x818b
 .debug_info    0x00000000      0x1f7 ..\obj\delay.o
 .debug_info    0x000001f7      0x132 ..\obj\arial_bold_8.o
 .debug_info    0x00000329      0x49e ..\obj\write.o
 .debug_info    0x000007c7      0x579 ..\obj\draw_shapes.o
 .debug_info    0x00000d40      0x996 ..\obj\stm32f4xx_usart.o
 .debug_info    0x000016d6      0x1b3 ..\obj\images.o
 .debug_info    0x00001889      0x944 ..\obj\uart.o
 .debug_info    0x000021cd       0xed ..\obj\startup_stm32f4xx.o
 .debug_info    0x000022ba      0x132 ..\obj\calibri_bold_8.o
 .debug_info    0x000023ec      0x23b ..\obj\main.o
 .debug_info    0x00002627      0xc21 ..\obj\stm32f4xx_rcc.o
 .debug_info    0x00003248      0x430 ..\obj\api.o
 .debug_info    0x00003678      0x132 ..\obj\calibri_narrow_8.o
 .debug_info    0x000037aa      0x132 ..\obj\calibri_bold_16.o
 .debug_info    0x000038dc      0x5d6 ..\obj\stm32f4xx_gpio.o
 .debug_info    0x00003eb2      0x566 ..\obj\system_stm32f4xx.o
 .debug_info    0x00004418      0x718 ..\obj\stm32f4xx_dma.o
 .debug_info    0x00004b30      0x132 ..\obj\arial_cursive_8.o
 .debug_info    0x00004c62      0x1a6 ..\obj\triangle.o
 .debug_info    0x00004e08      0x2c3 ..\obj\bitmap.o
 .debug_info    0x000050cb      0xaa7 ..\obj\stm32_ub_vga_screen.o
 .debug_info    0x00005b72      0x132 ..\obj\arial_narrow_16.o
 .debug_info    0x00005ca4      0x132 ..\obj\arial_narrow_8.o
 .debug_info    0x00005dd6      0x51c ..\obj\misc.o
 .debug_info    0x000062f2      0x132 ..\obj\calibri_narrow_16.o
 .debug_info    0x00006424      0x132 ..\obj\arial_bold_16.o
 .debug_info    0x00006556     0x1c35 ..\obj\stm32f4xx_tim.o

.debug_abbrev   0x00000000     0x1c41
 .debug_abbrev  0x00000000       0xee ..\obj\delay.o
 .debug_abbrev  0x000000ee       0x9a ..\obj\arial_bold_8.o
 .debug_abbrev  0x00000188      0x172 ..\obj\write.o
 .debug_abbrev  0x000002fa      0x114 ..\obj\draw_shapes.o
 .debug_abbrev  0x0000040e      0x155 ..\obj\stm32f4xx_usart.o
 .debug_abbrev  0x00000563       0x9a ..\obj\images.o
 .debug_abbrev  0x000005fd      0x1bd ..\obj\uart.o
 .debug_abbrev  0x000007ba       0xb0 ..\obj\startup_stm32f4xx.o
 .debug_abbrev  0x0000086a       0x9a ..\obj\calibri_bold_8.o
 .debug_abbrev  0x00000904       0xdf ..\obj\main.o
 .debug_abbrev  0x000009e3      0x1e3 ..\obj\stm32f4xx_rcc.o
 .debug_abbrev  0x00000bc6      0x16c ..\obj\api.o
 .debug_abbrev  0x00000d32       0x9a ..\obj\calibri_narrow_8.o
 .debug_abbrev  0x00000dcc       0x9a ..\obj\calibri_bold_16.o
 .debug_abbrev  0x00000e66      0x1a3 ..\obj\stm32f4xx_gpio.o
 .debug_abbrev  0x00001009      0x136 ..\obj\system_stm32f4xx.o
 .debug_abbrev  0x0000113f      0x155 ..\obj\stm32f4xx_dma.o
 .debug_abbrev  0x00001294       0x9a ..\obj\arial_cursive_8.o
 .debug_abbrev  0x0000132e       0xeb ..\obj\triangle.o
 .debug_abbrev  0x00001419      0x133 ..\obj\bitmap.o
 .debug_abbrev  0x0000154c      0x1c1 ..\obj\stm32_ub_vga_screen.o
 .debug_abbrev  0x0000170d       0x9a ..\obj\arial_narrow_16.o
 .debug_abbrev  0x000017a7       0x9a ..\obj\arial_narrow_8.o
 .debug_abbrev  0x00001841      0x145 ..\obj\misc.o
 .debug_abbrev  0x00001986       0x9a ..\obj\calibri_narrow_16.o
 .debug_abbrev  0x00001a20       0x9a ..\obj\arial_bold_16.o
 .debug_abbrev  0x00001aba      0x187 ..\obj\stm32f4xx_tim.o

.debug_aranges  0x00000000      0xa40
 .debug_aranges
                0x00000000       0x38 ..\obj\delay.o
 .debug_aranges
                0x00000038       0x18 ..\obj\arial_bold_8.o
 .debug_aranges
                0x00000050       0x30 ..\obj\write.o
 .debug_aranges
                0x00000080       0x48 ..\obj\draw_shapes.o
 .debug_aranges
                0x000000c8      0x100 ..\obj\stm32f4xx_usart.o
 .debug_aranges
                0x000001c8       0x18 ..\obj\images.o
 .debug_aranges
                0x000001e0       0x68 ..\obj\uart.o
 .debug_aranges
                0x00000248       0x28 ..\obj\startup_stm32f4xx.o
 .debug_aranges
                0x00000270       0x18 ..\obj\calibri_bold_8.o
 .debug_aranges
                0x00000288       0x20 ..\obj\main.o
 .debug_aranges
                0x000002a8      0x178 ..\obj\stm32f4xx_rcc.o
 .debug_aranges
                0x00000420       0x30 ..\obj\api.o
 .debug_aranges
                0x00000450       0x18 ..\obj\calibri_narrow_8.o
 .debug_aranges
                0x00000468       0x18 ..\obj\calibri_bold_16.o
 .debug_aranges
                0x00000480       0x88 ..\obj\stm32f4xx_gpio.o
 .debug_aranges
                0x00000508       0x30 ..\obj\system_stm32f4xx.o
 .debug_aranges
                0x00000538       0xb0 ..\obj\stm32f4xx_dma.o
 .debug_aranges
                0x000005e8       0x18 ..\obj\arial_cursive_8.o
 .debug_aranges
                0x00000600       0x20 ..\obj\triangle.o
 .debug_aranges
                0x00000620       0x28 ..\obj\bitmap.o
 .debug_aranges
                0x00000648       0x60 ..\obj\stm32_ub_vga_screen.o
 .debug_aranges
                0x000006a8       0x18 ..\obj\arial_narrow_16.o
 .debug_aranges
                0x000006c0       0x18 ..\obj\arial_narrow_8.o
 .debug_aranges
                0x000006d8       0x40 ..\obj\misc.o
 .debug_aranges
                0x00000718       0x18 ..\obj\calibri_narrow_16.o
 .debug_aranges
                0x00000730       0x18 ..\obj\arial_bold_16.o
 .debug_aranges
                0x00000748      0x2f8 ..\obj\stm32f4xx_tim.o

.debug_ranges   0x00000000      0x840
 .debug_ranges  0x00000000       0x28 ..\obj\delay.o
 .debug_ranges  0x00000028       0x20 ..\obj\write.o
 .debug_ranges  0x00000048       0x38 ..\obj\draw_shapes.o
 .debug_ranges  0x00000080       0xf0 ..\obj\stm32f4xx_usart.o
 .debug_ranges  0x00000170       0x58 ..\obj\uart.o
 .debug_ranges  0x000001c8       0x18 ..\obj\startup_stm32f4xx.o
 .debug_ranges  0x000001e0       0x10 ..\obj\main.o
 .debug_ranges  0x000001f0      0x168 ..\obj\stm32f4xx_rcc.o
 .debug_ranges  0x00000358       0x20 ..\obj\api.o
 .debug_ranges  0x00000378       0x78 ..\obj\stm32f4xx_gpio.o
 .debug_ranges  0x000003f0       0x20 ..\obj\system_stm32f4xx.o
 .debug_ranges  0x00000410       0xa0 ..\obj\stm32f4xx_dma.o
 .debug_ranges  0x000004b0       0x10 ..\obj\triangle.o
 .debug_ranges  0x000004c0       0x18 ..\obj\bitmap.o
 .debug_ranges  0x000004d8       0x50 ..\obj\stm32_ub_vga_screen.o
 .debug_ranges  0x00000528       0x30 ..\obj\misc.o
 .debug_ranges  0x00000558      0x2e8 ..\obj\stm32f4xx_tim.o

.debug_line     0x00000000     0x38c3
 .debug_line    0x00000000      0x1cd ..\obj\delay.o
 .debug_line    0x000001cd       0x6d ..\obj\arial_bold_8.o
 .debug_line    0x0000023a      0x2b5 ..\obj\write.o
 .debug_line    0x000004ef      0x34f ..\obj\draw_shapes.o
 .debug_line    0x0000083e      0x45e ..\obj\stm32f4xx_usart.o
 .debug_line    0x00000c9c       0x63 ..\obj\images.o
 .debug_line    0x00000cff      0x39a ..\obj\uart.o
 .debug_line    0x00001099       0xa7 ..\obj\startup_stm32f4xx.o
 .debug_line    0x00001140       0x6f ..\obj\calibri_bold_8.o
 .debug_line    0x000011af      0x1b4 ..\obj\main.o
 .debug_line    0x00001363      0x556 ..\obj\stm32f4xx_rcc.o
 .debug_line    0x000018b9      0x21e ..\obj\api.o
 .debug_line    0x00001ad7       0x71 ..\obj\calibri_narrow_8.o
 .debug_line    0x00001b48       0x70 ..\obj\calibri_bold_16.o
 .debug_line    0x00001bb8      0x2fb ..\obj\stm32f4xx_gpio.o
 .debug_line    0x00001eb3      0x197 ..\obj\system_stm32f4xx.o
 .debug_line    0x0000204a      0x398 ..\obj\stm32f4xx_dma.o
 .debug_line    0x000023e2       0x9e ..\obj\arial_cursive_8.o
 .debug_line    0x00002480      0x15e ..\obj\triangle.o
 .debug_line    0x000025de      0x1b2 ..\obj\bitmap.o
 .debug_line    0x00002790      0x352 ..\obj\stm32_ub_vga_screen.o
 .debug_line    0x00002ae2       0x70 ..\obj\arial_narrow_16.o
 .debug_line    0x00002b52       0x6f ..\obj\arial_narrow_8.o
 .debug_line    0x00002bc1      0x201 ..\obj\misc.o
 .debug_line    0x00002dc2       0x72 ..\obj\calibri_narrow_16.o
 .debug_line    0x00002e34       0x6e ..\obj\arial_bold_16.o
 .debug_line    0x00002ea2      0xa21 ..\obj\stm32f4xx_tim.o

.debug_str      0x00000000     0x3430
 .debug_str     0x00000000      0x200 ..\obj\delay.o
                                0x24f (size before relaxing)
 .debug_str     0x00000200       0xee ..\obj\arial_bold_8.o
                                0x17e (size before relaxing)
 .debug_str     0x000002ee      0x275 ..\obj\write.o
                                0x438 (size before relaxing)
 .debug_str     0x00000563       0xb9 ..\obj\draw_shapes.o
                                0x27b (size before relaxing)
 .debug_str     0x0000061c      0x4bc ..\obj\stm32f4xx_usart.o
                                0x66b (size before relaxing)
 .debug_str     0x00000ad8       0xb5 ..\obj\images.o
                                0x18c (size before relaxing)
 .debug_str     0x00000b8d      0x846 ..\obj\uart.o
                                0xae2 (size before relaxing)
 .debug_str     0x000013d3       0xb6 ..\obj\startup_stm32f4xx.o
                                0x14d (size before relaxing)
 .debug_str     0x00001489       0x6f ..\obj\calibri_bold_8.o
                                0x186 (size before relaxing)
 .debug_str     0x000014f8       0x7a ..\obj\main.o
                                0x2cb (size before relaxing)
 .debug_str     0x00001572      0x5e9 ..\obj\stm32f4xx_rcc.o
                                0x82c (size before relaxing)
 .debug_str     0x00001b5b       0x6d ..\obj\api.o
                                0x2fc (size before relaxing)
 .debug_str     0x00001bc8       0x7b ..\obj\calibri_narrow_8.o
                                0x197 (size before relaxing)
 .debug_str     0x00001c43       0x72 ..\obj\calibri_bold_16.o
                                0x18a (size before relaxing)
 .debug_str     0x00001cb5      0x1a9 ..\obj\stm32f4xx_gpio.o
                                0x47f (size before relaxing)
 .debug_str     0x00001e5e      0x11e ..\obj\system_stm32f4xx.o
                                0x386 (size before relaxing)
 .debug_str     0x00001f7c      0x39d ..\obj\stm32f4xx_dma.o
                                0x528 (size before relaxing)
 .debug_str     0x00002319       0x74 ..\obj\arial_cursive_8.o
                                0x190 (size before relaxing)
 .debug_str     0x0000238d       0x4b ..\obj\triangle.o
                                0x1cc (size before relaxing)
 .debug_str     0x000023d8       0x77 ..\obj\bitmap.o
                                0x284 (size before relaxing)
 .debug_str     0x0000244f      0x2a6 ..\obj\stm32_ub_vga_screen.o
                                0xcb9 (size before relaxing)
 .debug_str     0x000026f5       0x6e ..\obj\arial_narrow_16.o
                                0x184 (size before relaxing)
 .debug_str     0x00002763       0x77 ..\obj\arial_narrow_8.o
                                0x192 (size before relaxing)
 .debug_str     0x000027da      0x160 ..\obj\misc.o
                                0x3b5 (size before relaxing)
 .debug_str     0x0000293a       0x7e ..\obj\calibri_narrow_16.o
                                0x19b (size before relaxing)
 .debug_str     0x000029b8       0x74 ..\obj\arial_bold_16.o
                                0x18e (size before relaxing)
 .debug_str     0x00002a2c      0xa04 ..\obj\stm32f4xx_tim.o
                                0xdac (size before relaxing)

.comment        0x00000000       0x70
 .comment       0x00000000       0x70 ..\obj\delay.o
                                 0x71 (size before relaxing)
 .comment       0x00000000       0x71 ..\obj\arial_bold_8.o
 .comment       0x00000000       0x71 ..\obj\write.o
 .comment       0x00000000       0x71 ..\obj\draw_shapes.o
 .comment       0x00000000       0x71 ..\obj\stm32f4xx_usart.o
 .comment       0x00000000       0x71 ..\obj\images.o
 .comment       0x00000000       0x71 ..\obj\uart.o
 .comment       0x00000000       0x71 ..\obj\startup_stm32f4xx.o
 .comment       0x00000000       0x71 ..\obj\calibri_bold_8.o
 .comment       0x00000000       0x71 ..\obj\main.o
 .comment       0x00000000       0x71 ..\obj\stm32f4xx_rcc.o
 .comment       0x00000000       0x71 ..\obj\api.o
 .comment       0x00000000       0x71 ..\obj\calibri_narrow_8.o
 .comment       0x00000000       0x71 ..\obj\calibri_bold_16.o
 .comment       0x00000000       0x71 ..\obj\stm32f4xx_gpio.o
 .comment       0x00000000       0x71 ..\obj\system_stm32f4xx.o
 .comment       0x00000000       0x71 ..\obj\stm32f4xx_dma.o
 .comment       0x00000000       0x71 ..\obj\arial_cursive_8.o
 .comment       0x00000000       0x71 ..\obj\triangle.o
 .comment       0x00000000       0x71 ..\obj\bitmap.o
 .comment       0x00000000       0x71 ..\obj\stm32_ub_vga_screen.o
 .comment       0x00000000       0x71 ..\obj\arial_narrow_16.o
 .comment       0x00000000       0x71 ..\obj\arial_narrow_8.o
 .comment       0x00000000       0x71 ..\obj\misc.o
 .comment       0x00000000       0x71 ..\obj\calibri_narrow_16.o
 .comment       0x00000000       0x71 ..\obj\arial_bold_16.o
 .comment       0x00000000       0x71 ..\obj\stm32f4xx_tim.o

.ARM.attributes
                0x00000000       0x31
 .ARM.attributes
                0x00000000       0x33 ..\obj\delay.o
 .ARM.attributes
                0x00000033       0x33 ..\obj\arial_bold_8.o
 .ARM.attributes
                0x00000066       0x33 ..\obj\write.o
 .ARM.attributes
                0x00000099       0x33 ..\obj\draw_shapes.o
 .ARM.attributes
                0x000000cc       0x33 ..\obj\stm32f4xx_usart.o
 .ARM.attributes
                0x000000ff       0x33 ..\obj\images.o
 .ARM.attributes
                0x00000132       0x33 ..\obj\uart.o
 .ARM.attributes
                0x00000165       0x33 ..\obj\startup_stm32f4xx.o
 .ARM.attributes
                0x00000198       0x33 ..\obj\calibri_bold_8.o
 .ARM.attributes
                0x000001cb       0x33 ..\obj\main.o
 .ARM.attributes
                0x000001fe       0x33 ..\obj\stm32f4xx_rcc.o
 .ARM.attributes
                0x00000231       0x33 ..\obj\api.o
 .ARM.attributes
                0x00000264       0x33 ..\obj\calibri_narrow_8.o
 .ARM.attributes
                0x00000297       0x33 ..\obj\calibri_bold_16.o
 .ARM.attributes
                0x000002ca       0x33 ..\obj\stm32f4xx_gpio.o
 .ARM.attributes
                0x000002fd       0x33 ..\obj\system_stm32f4xx.o
 .ARM.attributes
                0x00000330       0x33 ..\obj\stm32f4xx_dma.o
 .ARM.attributes
                0x00000363       0x33 ..\obj\arial_cursive_8.o
 .ARM.attributes
                0x00000396       0x33 ..\obj\triangle.o
 .ARM.attributes
                0x000003c9       0x33 ..\obj\bitmap.o
 .ARM.attributes
                0x000003fc       0x33 ..\obj\stm32_ub_vga_screen.o
 .ARM.attributes
                0x0000042f       0x33 ..\obj\arial_narrow_16.o
 .ARM.attributes
                0x00000462       0x33 ..\obj\arial_narrow_8.o
 .ARM.attributes
                0x00000495       0x33 ..\obj\misc.o
 .ARM.attributes
                0x000004c8       0x33 ..\obj\calibri_narrow_16.o
 .ARM.attributes
                0x000004fb       0x33 ..\obj\arial_bold_16.o
 .ARM.attributes
                0x0000052e       0x33 ..\obj\stm32f4xx_tim.o
 .ARM.attributes
                0x00000561       0x1e d:/program files (x86)/gnu tools arm embedded/4.8 2013q4/bin/../lib/gcc/arm-none-eabi/4.8.3/armv7e-m\libgcc.a(_arm_addsubdf3.o)
 .ARM.attributes
                0x0000057f       0x1e d:/program files (x86)/gnu tools arm embedded/4.8 2013q4/bin/../lib/gcc/arm-none-eabi/4.8.3/armv7e-m\libgcc.a(_arm_muldivdf3.o)
 .ARM.attributes
                0x0000059d       0x1e d:/program files (x86)/gnu tools arm embedded/4.8 2013q4/bin/../lib/gcc/arm-none-eabi/4.8.3/armv7e-m\libgcc.a(_arm_fixunsdfsi.o)
 .ARM.attributes
                0x000005bb       0x2e d:/program files (x86)/gnu tools arm embedded/4.8 2013q4/bin/../lib/gcc/arm-none-eabi/4.8.3/../../../../arm-none-eabi/lib/armv7e-m\libg.a(lib_a-memset.o)
 .ARM.attributes
                0x000005e9       0x1c d:/program files (x86)/gnu tools arm embedded/4.8 2013q4/bin/../lib/gcc/arm-none-eabi/4.8.3/../../../../arm-none-eabi/lib/armv7e-m\libg.a(lib_a-strcmp.o)
 .ARM.attributes
                0x00000605       0x2e d:/program files (x86)/gnu tools arm embedded/4.8 2013q4/bin/../lib/gcc/arm-none-eabi/4.8.3/../../../../arm-none-eabi/lib/armv7e-m\libg.a(lib_a-strncpy.o)
 .ARM.attributes
                0x00000633       0x2e d:/program files (x86)/gnu tools arm embedded/4.8 2013q4/bin/../lib/gcc/arm-none-eabi/4.8.3/../../../../arm-none-eabi/lib/armv7e-m\libg.a(lib_a-strtol.o)
 .ARM.attributes
                0x00000661       0x2e d:/program files (x86)/gnu tools arm embedded/4.8 2013q4/bin/../lib/gcc/arm-none-eabi/4.8.3/../../../../arm-none-eabi/lib/armv7e-m\libg.a(lib_a-ctype_.o)
 .ARM.attributes
                0x0000068f       0x2e d:/program files (x86)/gnu tools arm embedded/4.8 2013q4/bin/../lib/gcc/arm-none-eabi/4.8.3/../../../../arm-none-eabi/lib/armv7e-m\libg.a(lib_a-impure.o)

.debug_frame    0x00000000     0x1d78
 .debug_frame   0x00000000       0x84 ..\obj\delay.o
 .debug_frame   0x00000084       0x6c ..\obj\write.o
 .debug_frame   0x000000f0       0xd4 ..\obj\draw_shapes.o
 .debug_frame   0x000001c4      0x344 ..\obj\stm32f4xx_usart.o
 .debug_frame   0x00000508      0x160 ..\obj\uart.o
 .debug_frame   0x00000668       0x48 ..\obj\startup_stm32f4xx.o
 .debug_frame   0x000006b0       0x2c ..\obj\main.o
 .debug_frame   0x000006dc      0x4d8 ..\obj\stm32f4xx_rcc.o
 .debug_frame   0x00000bb4       0x7c ..\obj\api.o
 .debug_frame   0x00000c30      0x19c ..\obj\stm32f4xx_gpio.o
 .debug_frame   0x00000dcc       0x64 ..\obj\system_stm32f4xx.o
 .debug_frame   0x00000e30      0x224 ..\obj\stm32f4xx_dma.o
 .debug_frame   0x00001054       0x30 ..\obj\triangle.o
 .debug_frame   0x00001084       0x50 ..\obj\bitmap.o
 .debug_frame   0x000010d4      0x124 ..\obj\stm32_ub_vga_screen.o
 .debug_frame   0x000011f8       0x9c ..\obj\misc.o
 .debug_frame   0x00001294      0xa3c ..\obj\stm32f4xx_tim.o
 .debug_frame   0x00001cd0       0x2c d:/program files (x86)/gnu tools arm embedded/4.8 2013q4/bin/../lib/gcc/arm-none-eabi/4.8.3/../../../../arm-none-eabi/lib/armv7e-m\libg.a(lib_a-memset.o)
 .debug_frame   0x00001cfc       0x2c d:/program files (x86)/gnu tools arm embedded/4.8 2013q4/bin/../lib/gcc/arm-none-eabi/4.8.3/../../../../arm-none-eabi/lib/armv7e-m\libg.a(lib_a-strncpy.o)
 .debug_frame   0x00001d28       0x50 d:/program files (x86)/gnu tools arm embedded/4.8 2013q4/bin/../lib/gcc/arm-none-eabi/4.8.3/../../../../arm-none-eabi/lib/armv7e-m\libg.a(lib_a-strtol.o)
